// Jest Snapshot v1, https://goo.gl/fbAQLP

exports[`App render two text inputs where you can type and calculate your body mass index 1`] = `
<View
  style={
    Object {
      "borderRadius": 10,
    }
  }
>
  <View
    style={
      Object {
        "alignItems": "center",
      }
    }
  >
    <Text>
      Altura
    </Text>
    <TextInput
      keyboardType="number-pad"
      onChangeText={[Function]}
      placeholder="ex: 1.72"
      style={
        Object {
          "backgroundColor": "#e6e6e6",
          "color": "#000",
          "textAlign": "center",
          "width": "90%",
        }
      }
    />
    <Text>
      Peso
    </Text>
    <TextInput
      keyboardType="number-pad"
      onChangeText={[Function]}
      placeholder="ex: 60"
      style={
        Object {
          "backgroundColor": "#e6e6e6",
          "color": "#000",
          "textAlign": "center",
          "width": "90%",
        }
      }
    />
    <View
      style={
        Object {
          "margin": 10,
        }
      }
    >
      <View
        accessibilityRole="button"
        accessible={true}
        collapsable={false}
        focusable={true}
        onClick={[Function]}
        onResponderGrant={[Function]}
        onResponderMove={[Function]}
        onResponderRelease={[Function]}
        onResponderTerminate={[Function]}
        onResponderTerminationRequest={[Function]}
        onStartShouldSetResponder={[Function]}
        style={
          Object {
            "opacity": 1,
          }
        }
      >
        <View
          style={
            Array [
              Object {},
            ]
          }
        >
          <Text
            style={
              Array [
                Object {
                  "color": "#007AFF",
                  "fontSize": 18,
                  "margin": 8,
                  "textAlign": "center",
                },
                Object {
                  "color": "#e21536",
                },
              ]
            }
          >
            Calcular
          </Text>
        </View>
      </View>
    </View>
  </View>
</View>
`;
